// Jest Snapshot v1, https://goo.gl/fbAQLP

exports[`SidebarSettings should match, full snapshot 1`] = `null`;

exports[`SidebarSettings should match, full snapshot 2`] = `
<View
  style={
    Object {
      "backgroundColor": "#ffffff",
      "flex": 1,
    }
  }
>
  <Connect(StatusBar) />
  <View
    style={
      Object {
        "backgroundColor": "rgba(61,60,64,0.06)",
        "flex": 1,
        "paddingTop": 35,
      }
    }
  >
    <section
      disableHeader={true}
      isLandscape={false}
      theme={
        Object {
          "awayIndicator": "#ffbc42",
          "buttonBg": "#166de0",
          "buttonColor": "#ffffff",
          "centerChannelBg": "#ffffff",
          "centerChannelColor": "#3d3c40",
          "codeTheme": "github",
          "dndIndicator": "#f74343",
          "errorTextColor": "#fd5960",
          "linkColor": "#2389d7",
          "mentionBj": "#ffffff",
          "mentionColor": "#145dbf",
          "mentionHighlightBg": "#ffe577",
          "mentionHighlightLink": "#166de0",
          "newMessageSeparator": "#ff8800",
          "onlineIndicator": "#06d6a0",
          "sidebarBg": "#145dbf",
          "sidebarHeaderBg": "#1153ab",
          "sidebarHeaderTextColor": "#ffffff",
          "sidebarText": "#ffffff",
          "sidebarTextActiveBorder": "#579eff",
          "sidebarTextActiveColor": "#ffffff",
          "sidebarTextHoverBg": "#4578bf",
          "sidebarUnreadText": "#ffffff",
          "type": "Mattermost",
        }
      }
    >
      <View
        style={
          Object {
            "backgroundColor": "rgba(61,60,64,0.1)",
            "height": 1,
          }
        }
      />
      <sectionItem
        action={[Function]}
        actionType="toggle"
        description={
          <FormattedText
            defaultMessage="Keep the sidebar open permanently"
            id="mobile.sidebar_settings.permanent_description"
          />
        }
        isLandscape={false}
        label={
          <FormattedText
            defaultMessage="Permanent Sidebar"
            id="mobile.sidebar_settings.permanent"
          />
        }
        selected={false}
        theme={
          Object {
            "awayIndicator": "#ffbc42",
            "buttonBg": "#166de0",
            "buttonColor": "#ffffff",
            "centerChannelBg": "#ffffff",
            "centerChannelColor": "#3d3c40",
            "codeTheme": "github",
            "dndIndicator": "#f74343",
            "errorTextColor": "#fd5960",
            "linkColor": "#2389d7",
            "mentionBj": "#ffffff",
            "mentionColor": "#145dbf",
            "mentionHighlightBg": "#ffe577",
            "mentionHighlightLink": "#166de0",
            "newMessageSeparator": "#ff8800",
            "onlineIndicator": "#06d6a0",
            "sidebarBg": "#145dbf",
            "sidebarHeaderBg": "#1153ab",
            "sidebarHeaderTextColor": "#ffffff",
            "sidebarText": "#ffffff",
            "sidebarTextActiveBorder": "#579eff",
            "sidebarTextActiveColor": "#ffffff",
            "sidebarTextHoverBg": "#4578bf",
            "sidebarUnreadText": "#ffffff",
            "type": "Mattermost",
          }
        }
      />
      <View
        style={
          Object {
            "backgroundColor": "rgba(61,60,64,0.1)",
            "height": 1,
          }
        }
      />
    </section>
  </View>
</View>
`;
