// Jest Snapshot v1, https://goo.gl/fbAQLP

exports[`components/emoji_picker/EmojiPicker should match snapshot 1`] = `
<Connect(SafeAreaIos)
  excludeHeader={true}
>
  <KeyboardAvoidingView
    behavior="padding"
    enabled={true}
    keyboardVerticalOffset={107}
    style={
      Object {
        "flex": 1,
      }
    }
  >
    <View
      style={
        Array [
          Object {
            "backgroundColor": "rgba(61,60,64,0.2)",
            "paddingVertical": 5,
          },
          null,
        ]
      }
    >
      <SearchBarIos
        autoCapitalize="none"
        backgroundColor="transparent"
        blurOnSubmit={true}
        cancelTitle="Cancel"
        inputHeight={33}
        inputStyle={
          Object {
            "backgroundColor": "#ffffff",
            "color": "#3d3c40",
            "fontSize": 13,
          }
        }
        keyboardAppearance="light"
        leftComponent={null}
        onAnimationComplete={[Function]}
        onBlur={[Function]}
        onCancelButtonPress={[Function]}
        onChangeText={[Function]}
        onFocus={[Function]}
        onSearchButtonPress={[Function]}
        onSelectionChange={[Function]}
        placeholder="Search"
        placeholderTextColor="rgba(61,60,64,0.5)"
        searchIconCollapsedMargin={10}
        searchIconExpandedMargin={10}
        tintColorDelete="rgba(61,60,64,0.5)"
        tintColorSearch="rgba(61,60,64,0.8)"
        titleCancelColor="#3d3c40"
        value=""
      />
    </View>
    <View
      style={
        Object {
          "alignItems": "center",
          "backgroundColor": "#ffffff",
          "flex": 1,
        }
      }
    >
      <SectionList
        ListFooterComponent={[Function]}
        data={Array []}
        disableVirtualization={false}
        getItemLayout={[Function]}
        horizontal={false}
        initialNumToRender={10}
        keyExtractor={[Function]}
        keyboardShouldPersistTaps="always"
        maxToRenderPerBatch={10}
        onEndReached={[Function]}
        onEndReachedThreshold={0}
        onMomentumScrollEnd={[Function]}
        onScroll={[Function]}
        onScrollToIndexFailed={[Function]}
        pageSize={30}
        removeClippedSubviews={true}
        renderItem={[Function]}
        renderSectionHeader={[Function]}
        scrollEventThrottle={50}
        sections={Array []}
        showsVerticalScrollIndicator={false}
        stickySectionHeadersEnabled={true}
        style={
          Array [
            Object {
              "backgroundColor": "#ffffff",
              "marginBottom": 35,
            },
            Object {
              "width": 370,
            },
          ]
        }
        updateCellsBatchingPeriod={50}
        windowSize={21}
      />
      <View
        style={
          Object {
            "bottom": 0,
            "height": 35,
            "left": 0,
            "position": "absolute",
            "right": 0,
            "width": "100%",
          }
        }
      >
        <View
          style={
            Object {
              "backgroundColor": "rgba(61,60,64,0.1)",
              "borderTopColor": "rgba(61,60,64,0.3)",
              "borderTopWidth": 1,
              "flexDirection": "row",
              "justifyContent": "space-between",
            }
          }
        />
      </View>
    </View>
  </KeyboardAvoidingView>
</Connect(SafeAreaIos)>
`;
