// Jest Snapshot v1, https://goo.gl/fbAQLP

exports[`ChannelNavBar should match, full snapshot 1`] = `
<View
  style={
    Array [
      Object {
        "backgroundColor": "#1153ab",
        "flexDirection": "row",
        "justifyContent": "flex-start",
        "width": "100%",
        "zIndex": 10,
      },
      null,
      Object {
        "height": 44,
      },
    ]
  }
>
  <Connect(ChannelDrawerButton)
    openDrawer={[MockFunction]}
    visible={true}
  />
  <Connect(ChannelTitle)
    canHaveSubtitle={true}
    onPress={[MockFunction]}
  />
  <Connect(ChannelSearchButton)
    theme={
      Object {
        "awayIndicator": "#ffbc42",
        "buttonBg": "#166de0",
        "buttonColor": "#ffffff",
        "centerChannelBg": "#ffffff",
        "centerChannelColor": "#3d3c40",
        "codeTheme": "github",
        "dndIndicator": "#f74343",
        "errorTextColor": "#fd5960",
        "linkColor": "#2389d7",
        "mentionBj": "#ffffff",
        "mentionColor": "#145dbf",
        "mentionHighlightBg": "#ffe577",
        "mentionHighlightLink": "#166de0",
        "newMessageSeparator": "#ff8800",
        "onlineIndicator": "#06d6a0",
        "sidebarBg": "#145dbf",
        "sidebarHeaderBg": "#1153ab",
        "sidebarHeaderTextColor": "#ffffff",
        "sidebarText": "#ffffff",
        "sidebarTextActiveBorder": "#579eff",
        "sidebarTextActiveColor": "#ffffff",
        "sidebarTextHoverBg": "#4578bf",
        "sidebarUnreadText": "#ffffff",
        "type": "Mattermost",
      }
    }
  />
  <Connect(SettingDrawerButton)
    openDrawer={[MockFunction]}
  />
</View>
`;
