// Jest Snapshot v1, https://goo.gl/fbAQLP

exports[`ChannelMembers should match snapshot 1`] = `
<ForwardRef(forwardConnectRef)>
  <Connect(StatusBar) />
  <View
    style={
      Array [
        Object {
          "marginVertical": 5,
        },
        null,
      ]
    }
  >
    <SearchBarIos
      autoCapitalize="none"
      backgroundColor="transparent"
      blurOnSubmit={true}
      cancelTitle="Cancel"
      inputHeight={33}
      inputStyle={
        Object {
          "backgroundColor": "rgba(61,60,64,0.2)",
          "color": "#3d3c40",
          "fontSize": 15,
        }
      }
      keyboardAppearance="light"
      leftComponent={null}
      onBlur={[Function]}
      onCancelButtonPress={[Function]}
      onChangeText={[Function]}
      onFocus={[Function]}
      onSearchButtonPress={[Function]}
      onSelectionChange={[Function]}
      placeholder="Search"
      placeholderTextColor="rgba(61,60,64,0.5)"
      searchIconCollapsedMargin={10}
      searchIconExpandedMargin={10}
      tintColorDelete="rgba(61,60,64,0.5)"
      tintColorSearch="rgba(61,60,64,0.5)"
      titleCancelColor="#3d3c40"
      value=""
    />
  </View>
  <CustomList
    data={Array []}
    extraData={Object {}}
    isLandscape={false}
    listType="section"
    loading={false}
    loadingComponent={null}
    noResults={null}
    onLoadMore={[Function]}
    onRowPress={[Function]}
    renderItem={[Function]}
    shouldRenderSeparator={true}
    showNoResults={true}
    theme={
      Object {
        "awayIndicator": "#ffbc42",
        "buttonBg": "#166de0",
        "buttonColor": "#ffffff",
        "centerChannelBg": "#ffffff",
        "centerChannelColor": "#3d3c40",
        "codeTheme": "github",
        "dndIndicator": "#f74343",
        "errorTextColor": "#fd5960",
        "linkColor": "#2389d7",
        "mentionBj": "#ffffff",
        "mentionColor": "#145dbf",
        "mentionHighlightBg": "#ffe577",
        "mentionHighlightLink": "#166de0",
        "newMessageSeparator": "#ff8800",
        "onlineIndicator": "#06d6a0",
        "sidebarBg": "#145dbf",
        "sidebarHeaderBg": "#1153ab",
        "sidebarHeaderTextColor": "#ffffff",
        "sidebarText": "#ffffff",
        "sidebarTextActiveBorder": "#579eff",
        "sidebarTextActiveColor": "#ffffff",
        "sidebarTextHoverBg": "#4578bf",
        "sidebarUnreadText": "#ffffff",
        "type": "Mattermost",
      }
    }
  />
</ForwardRef(forwardConnectRef)>
`;
